C:\Users\Mahmu\Desktop\github\sukran_app\backend\src\AppSukran.API\Properties\launchSettings.json içindeki başlatma ayarları kullanılıyor...
Derleniyor...
C:\Users\Mahmu\Desktop\github\sukran_app\backend\src\AppSukran.API\AppSukran.API.csproj : warning NU1903: 'Microsoft.OpenApi' 2.4.1 paketinde önem derecesi yüksek olan bilinen bir https://github.com/advisories/GHSA-v5pm-xwqc-g5wc güvenlik açığı var
C:\Users\Mahmu\Desktop\github\sukran_app\backend\src\AppSukran.API\AppSukran.API.csproj : warning NU1903: 'Microsoft.OpenApi' 2.4.1 paketinde önem derecesi yüksek olan bilinen bir https://github.com/advisories/GHSA-v5pm-xwqc-g5wc güvenlik açığı var
info: AppSukran.API[0]
      [Captcha] reCAPTCHA KAPALI (anahtar girilmiş: True, eşik: 0.5)
info: Microsoft.EntityFrameworkCore.Database.Command[20101]
      Executed DbCommand (23ms) [Parameters=[], CommandType='Text', CommandTimeout='30']
      SELECT 1
info: Microsoft.EntityFrameworkCore.Migrations[20411]
      Acquiring an exclusive lock for migration application. See https://aka.ms/efcore-docs-migrations-lock for more information if this takes too long.
info: Microsoft.EntityFrameworkCore.Database.Command[20101]
      Executed DbCommand (22ms) [Parameters=[], CommandType='Text', CommandTimeout='30']
      DECLARE @result int;
      EXEC @result = sp_getapplock @Resource = '__EFMigrationsLock', @LockOwner = 'Session', @LockMode = 'Exclusive';
      SELECT @result
info: Microsoft.EntityFrameworkCore.Database.Command[20101]
      Executed DbCommand (4ms) [Parameters=[], CommandType='Text', CommandTimeout='30']
      IF OBJECT_ID(N'[__EFMigrationsHistory]') IS NULL
      BEGIN
          CREATE TABLE [__EFMigrationsHistory] (
              [MigrationId] nvarchar(150) NOT NULL,
              [ProductVersion] nvarchar(32) NOT NULL,
              CONSTRAINT [PK___EFMigrationsHistory] PRIMARY KEY ([MigrationId])
          );
      END;
info: Microsoft.EntityFrameworkCore.Database.Command[20101]
      Executed DbCommand (1ms) [Parameters=[], CommandType='Text', CommandTimeout='30']
      SELECT 1
info: Microsoft.EntityFrameworkCore.Database.Command[20101]
      Executed DbCommand (1ms) [Parameters=[], CommandType='Text', CommandTimeout='30']
      SELECT OBJECT_ID(N'[__EFMigrationsHistory]');
info: Microsoft.EntityFrameworkCore.Database.Command[20101]
      Executed DbCommand (9ms) [Parameters=[], CommandType='Text', CommandTimeout='30']
      SELECT [MigrationId], [ProductVersion]
      FROM [__EFMigrationsHistory]
      ORDER BY [MigrationId];
info: Microsoft.EntityFrameworkCore.Migrations[20405]
      No migrations were applied. The database is already up to date.
info: Microsoft.EntityFrameworkCore.Database.Command[20101]
      Executed DbCommand (3ms) [Parameters=[], CommandType='Text', CommandTimeout='30']
      DECLARE @result int;
      EXEC @result = sp_releaseapplock @Resource = '__EFMigrationsLock', @LockOwner = 'Session';
      SELECT @result
info: Microsoft.EntityFrameworkCore.Database.Command[20101]
      Executed DbCommand (28ms) [Parameters=[@__normalizedEmail_0='?' (Size = 320)], CommandType='Text', CommandTimeout='30']
      SELECT TOP(2) [u].[Id], [u].[CreatedAt], [u].[Email], [u].[IsActive], [u].[Name], [u].[PasswordHash], [u].[RestaurantId], [u].[Role], [u].[Version]
      FROM [Users] AS [u]
      WHERE [u].[Email] = @__normalizedEmail_0
info: AppSukran.Application.Abstractions.Payments.IPaymentGateway[0]
      [Payment] Aktif sağlayıcı: Iyzico (yapılandırılmış: True)
info: Microsoft.Hosting.Lifetime[14]
      Now listening on: http://0.0.0.0:5021
info: Microsoft.Hosting.Lifetime[0]
      Application started. Press Ctrl+C to shut down.
info: Microsoft.Hosting.Lifetime[0]
      Hosting environment: Development
info: Microsoft.Hosting.Lifetime[0]
      Content root path: C:\Users\Mahmu\Desktop\github\sukran_app\backend\src\AppSukran.API
info: Microsoft.EntityFrameworkCore.Database.Command[20101]
      Executed DbCommand (24ms) [Parameters=[@__now_0='?' (DbType = DateTime2)], CommandType='Text', CommandTimeout='30']
      SELECT [s].[Id], [s].[AutoRenew], [s].[BillingPeriodMonths], [s].[CancelledAt], [s].[CreatedAt], [s].[CurrentPeriodEnd], [s].[CurrentPeriodStart], [s].[LastPaymentAt], [s].[LastPaymentAttemptAt], [s].[LastPaymentError], [s].[PaymentFailureCount], [s].[PaymentMethodBrand], [s].[PaymentMethodLast4], [s].[PaymentMethodToken], [s].[PaymentMethodUserKey], [s].[Plan], [s].[PricePerPeriod], [s].[PriceVersion], [s].[RestaurantId], [s].[Status], [s].[TrialEndsAt], [s].[Version], [s0].[Id], [s0].[Amount], [s0].[PaidAt], [s0].[PeriodEnd], [s0].[PriceVersion], [s0].[Provider], [s0].[SubscriptionId], [s0].[TransactionId]
      FROM [Subscriptions] AS [s]
      LEFT JOIN [SubscriptionPayments] AS [s0] ON [s].[Id] = [s0].[SubscriptionId]
      WHERE [s].[Status] IN (2, 1) AND [s].[CurrentPeriodEnd] <= @__now_0 AND ([s].[AutoRenew] = CAST(0 AS bit) OR [s].[PaymentMethodUserKey] IS NULL OR [s].[PaymentMethodToken] IS NULL)
      ORDER BY [s].[Id]
info: Microsoft.EntityFrameworkCore.Database.Command[20101]
      Executed DbCommand (26ms) [Parameters=[@__now_0='?' (DbType = DateTime2)], CommandType='Text', CommandTimeout='30']
      SELECT [s].[Id], [s].[AutoRenew], [s].[BillingPeriodMonths], [s].[CancelledAt], [s].[CreatedAt], [s].[CurrentPeriodEnd], [s].[CurrentPeriodStart], [s].[LastPaymentAt], [s].[LastPaymentAttemptAt], [s].[LastPaymentError], [s].[PaymentFailureCount], [s].[PaymentMethodBrand], [s].[PaymentMethodLast4], [s].[PaymentMethodToken], [s].[PaymentMethodUserKey], [s].[Plan], [s].[PricePerPeriod], [s].[PriceVersion], [s].[RestaurantId], [s].[Status], [s].[TrialEndsAt], [s].[Version], [s0].[Id], [s0].[Amount], [s0].[PaidAt], [s0].[PeriodEnd], [s0].[PriceVersion], [s0].[Provider], [s0].[SubscriptionId], [s0].[TransactionId]
      FROM [Subscriptions] AS [s]
      LEFT JOIN [SubscriptionPayments] AS [s0] ON [s].[Id] = [s0].[SubscriptionId]
      WHERE [s].[AutoRenew] = CAST(1 AS bit) AND [s].[PaymentMethodUserKey] IS NOT NULL AND [s].[PaymentMethodToken] IS NOT NULL AND [s].[CurrentPeriodEnd] <= @__now_0 AND [s].[PaymentFailureCount] < 4 AND [s].[Status] IN (1, 2, 3)
      ORDER BY [s].[Id]
info: Microsoft.EntityFrameworkCore.Database.Command[20101]
      Executed DbCommand (7ms) [Parameters=[@__graceCutoff_0='?' (DbType = DateTime2)], CommandType='Text', CommandTimeout='30']
      SELECT [s].[Id], [s].[AutoRenew], [s].[BillingPeriodMonths], [s].[CancelledAt], [s].[CreatedAt], [s].[CurrentPeriodEnd], [s].[CurrentPeriodStart], [s].[LastPaymentAt], [s].[LastPaymentAttemptAt], [s].[LastPaymentError], [s].[PaymentFailureCount], [s].[PaymentMethodBrand], [s].[PaymentMethodLast4], [s].[PaymentMethodToken], [s].[PaymentMethodUserKey], [s].[Plan], [s].[PricePerPeriod], [s].[PriceVersion], [s].[RestaurantId], [s].[Status], [s].[TrialEndsAt], [s].[Version], [s0].[Id], [s0].[Amount], [s0].[PaidAt], [s0].[PeriodEnd], [s0].[PriceVersion], [s0].[Provider], [s0].[SubscriptionId], [s0].[TransactionId]
      FROM [Subscriptions] AS [s]
      LEFT JOIN [SubscriptionPayments] AS [s0] ON [s].[Id] = [s0].[SubscriptionId]
      WHERE [s].[Status] = 3 AND [s].[CurrentPeriodEnd] <= @__graceCutoff_0
      ORDER BY [s].[Id]
info: Microsoft.EntityFrameworkCore.Database.Command[20101]
      Executed DbCommand (6ms) [Parameters=[@__now_0='?' (DbType = DateTime2)], CommandType='Text', CommandTimeout='30']
      SELECT [s].[Id], [s].[AutoRenew], [s].[BillingPeriodMonths], [s].[CancelledAt], [s].[CreatedAt], [s].[CurrentPeriodEnd], [s].[CurrentPeriodStart], [s].[LastPaymentAt], [s].[LastPaymentAttemptAt], [s].[LastPaymentError], [s].[PaymentFailureCount], [s].[PaymentMethodBrand], [s].[PaymentMethodLast4], [s].[PaymentMethodToken], [s].[PaymentMethodUserKey], [s].[Plan], [s].[PricePerPeriod], [s].[PriceVersion], [s].[RestaurantId], [s].[Status], [s].[TrialEndsAt], [s].[Version], [s0].[Id], [s0].[Amount], [s0].[PaidAt], [s0].[PeriodEnd], [s0].[PriceVersion], [s0].[Provider], [s0].[SubscriptionId], [s0].[TransactionId]
      FROM [Subscriptions] AS [s]
      LEFT JOIN [SubscriptionPayments] AS [s0] ON [s].[Id] = [s0].[SubscriptionId]
      WHERE [s].[Status] = 5 AND [s].[CurrentPeriodEnd] <= @__now_0
      ORDER BY [s].[Id]
info: Microsoft.EntityFrameworkCore.Database.Command[20101]
      Executed DbCommand (13ms) [Parameters=[@__normalizedEmail_0='?' (Size = 320)], CommandType='Text', CommandTimeout='30']
      SELECT [u].[Id], [u].[CreatedAt], [u].[Email], [u].[IsActive], [u].[Name], [u].[PasswordHash], [u].[RestaurantId], [u].[Role], [u].[Version]
      FROM [Users] AS [u]
      WHERE [u].[Email] = @__normalizedEmail_0
info: Microsoft.EntityFrameworkCore.Database.Command[20101]
      Executed DbCommand (13ms) [Parameters=[@__baseSlug_0_startswith='?' (Size = 200)], CommandType='Text', CommandTimeout='30']
      SELECT [r].[Id], [r].[Address], [r].[CreatedAt], [r].[Latitude], [r].[Longitude], [r].[Name], [r].[OwnerId], [r].[Slug], [r].[Version], [r].[MonthlyProfit], [r].[TotalRevenue], [r0].[Id], [r0].[QrToken], [r0].[RestaurantId], [r0].[SessionClosedAt], [r0].[SessionOpenedAt], [r0].[Status], [r0].[TableNo], [r0].[TableSessionId]
      FROM [Restaurants] AS [r]
      LEFT JOIN [RestaurantTables] AS [r0] ON [r].[Id] = [r0].[RestaurantId]
      WHERE [r].[Slug] LIKE @__baseSlug_0_startswith ESCAPE N'\'
      ORDER BY [r].[Id]
info: Microsoft.EntityFrameworkCore.Database.Command[20101]
      Executed DbCommand (5ms) [Parameters=[@p0='?' (Size = 32), @p1='?' (DbType = DateTime2), @p2='?' (Size = 320), @p3='?' (DbType = Boolean), @p4='?' (Size = 200), @p5='?' (Size = 4000), @p6='?' (Size = 32), @p7='?' (DbType = Int32), @p8='?' (DbType = Int64)], CommandType='Text', CommandTimeout='30']
      SET IMPLICIT_TRANSACTIONS OFF;
      SET NOCOUNT ON;
      INSERT INTO [Users] ([Id], [CreatedAt], [Email], [IsActive], [Name], [PasswordHash], [RestaurantId], [Role], [Version])
      VALUES (@p0, @p1, @p2, @p3, @p4, @p5, @p6, @p7, @p8);
info: Microsoft.EntityFrameworkCore.Database.Command[20101]
      Executed DbCommand (5ms) [Parameters=[@p0='?' (Size = 32), @p1='?' (Size = 500), @p2='?' (DbType = DateTime2), @p3='?' (DbType = Double), @p4='?' (DbType = Double), @p5='?' (Size = 200), @p6='?' (Size = 32), @p7='?' (Size = 200), @p8='?' (DbType = Int64), @p9='?' (DbType = Int64), @p10='?' (DbType = Int64)], CommandType='Text', CommandTimeout='30']
      SET IMPLICIT_TRANSACTIONS OFF;
      SET NOCOUNT ON;
      INSERT INTO [Restaurants] ([Id], [Address], [CreatedAt], [Latitude], [Longitude], [Name], [OwnerId], [Slug], [Version], [MonthlyProfit], [TotalRevenue])
      VALUES (@p0, @p1, @p2, @p3, @p4, @p5, @p6, @p7, @p8, @p9, @p10);
info: Microsoft.EntityFrameworkCore.Database.Command[20101]
      Executed DbCommand (4ms) [Parameters=[@p2='?' (Size = 32), @p0='?' (Size = 32), @p1='?' (DbType = Int64), @p3='?' (DbType = Int64)], CommandType='Text', CommandTimeout='30']
      SET IMPLICIT_TRANSACTIONS OFF;
      SET NOCOUNT ON;
      UPDATE [Users] SET [RestaurantId] = @p0, [Version] = @p1
      OUTPUT 1
      WHERE [Id] = @p2 AND [Version] = @p3;
info: Microsoft.EntityFrameworkCore.Database.Command[20101]
      Executed DbCommand (11ms) [Parameters=[@__request_RestaurantId_0='?' (Size = 32)], CommandType='Text', CommandTimeout='30']
      SELECT [s].[Id], [s].[AutoRenew], [s].[BillingPeriodMonths], [s].[CancelledAt], [s].[CreatedAt], [s].[CurrentPeriodEnd], [s].[CurrentPeriodStart], [s].[LastPaymentAt], [s].[LastPaymentAttemptAt], [s].[LastPaymentError], [s].[PaymentFailureCount], [s].[PaymentMethodBrand], [s].[PaymentMethodLast4], [s].[PaymentMethodToken], [s].[PaymentMethodUserKey], [s].[Plan], [s].[PricePerPeriod], [s].[PriceVersion], [s].[RestaurantId], [s].[Status], [s].[TrialEndsAt], [s].[Version], [s0].[Id], [s0].[Amount], [s0].[PaidAt], [s0].[PeriodEnd], [s0].[PriceVersion], [s0].[Provider], [s0].[SubscriptionId], [s0].[TransactionId]
      FROM [Subscriptions] AS [s]
      LEFT JOIN [SubscriptionPayments] AS [s0] ON [s].[Id] = [s0].[SubscriptionId]
      WHERE [s].[RestaurantId] = @__request_RestaurantId_0
      ORDER BY [s].[Id]
info: Microsoft.EntityFrameworkCore.Database.Command[20101]
      Executed DbCommand (6ms) [Parameters=[@p0='?' (Size = 32), @p1='?' (DbType = Boolean), @p2='?' (DbType = Int32), @p3='?' (DbType = DateTime2), @p4='?' (DbType = DateTime2), @p5='?' (DbType = DateTime2), @p6='?' (DbType = DateTime2), @p7='?' (DbType = DateTime2), @p8='?' (DbType = DateTime2), @p9='?' (Size = 4000), @p10='?' (DbType = Int32), @p11='?' (Size = 4000), @p12='?' (Size = 4000), @p13='?' (Size = 4000), @p14='?' (Size = 4000), @p15='?' (DbType = Int32), @p16='?' (DbType = Int64), @p17='?' (Size = 4000), @p18='?' (Size = 32), @p19='?' (DbType = Int32), @p20='?' (DbType = DateTime2), @p21='?' (DbType = Int64)], CommandType='Text', CommandTimeout='30']
      SET IMPLICIT_TRANSACTIONS OFF;
      SET NOCOUNT ON;
      INSERT INTO [Subscriptions] ([Id], [AutoRenew], [BillingPeriodMonths], [CancelledAt], [CreatedAt], [CurrentPeriodEnd], [CurrentPeriodStart], [LastPaymentAt], [LastPaymentAttemptAt], [LastPaymentError], [PaymentFailureCount], [PaymentMethodBrand], [PaymentMethodLast4], [PaymentMethodToken], [PaymentMethodUserKey], [Plan], [PricePerPeriod], [PriceVersion], [RestaurantId], [Status], [TrialEndsAt], [Version])
      VALUES (@p0, @p1, @p2, @p3, @p4, @p5, @p6, @p7, @p8, @p9, @p10, @p11, @p12, @p13, @p14, @p15, @p16, @p17, @p18, @p19, @p20, @p21);
info: Microsoft.EntityFrameworkCore.Database.Command[20101]
      Executed DbCommand (6ms) [Parameters=[@p0='?' (Size = 32), @p1='?' (Size = 200), @p2='?' (Size = 160), @p3='?' (DbType = DateTime2), @p4='?' (Size = 2000), @p5='?' (Size = 64), @p6='?' (Size = 200), @p7='?' (DbType = Int64)], CommandType='Text', CommandTimeout='30']
      SET IMPLICIT_TRANSACTIONS OFF;
      SET NOCOUNT ON;
      INSERT INTO [AuditLogs] ([Id], [Action], [ActorUserId], [CreatedAt], [Details], [EntityId], [EntityType], [Version])
      VALUES (@p0, @p1, @p2, @p3, @p4, @p5, @p6, @p7);
info: Microsoft.EntityFrameworkCore.Database.Command[20101]
      Executed DbCommand (5ms) [Parameters=[@p0='?' (Size = 32), @p1='?' (DbType = DateTime2), @p2='?' (DbType = DateTime2), @p3='?' (Size = 4000), @p4='?' (DbType = DateTime2), @p5='?' (Size = 128), @p6='?' (Size = 32), @p7='?' (DbType = Int64)], CommandType='Text', CommandTimeout='30']
      SET IMPLICIT_TRANSACTIONS OFF;
      SET NOCOUNT ON;
      INSERT INTO [RefreshTokens] ([Id], [CreatedAt], [ExpiresAt], [ReplacedByTokenHash], [RevokedAt], [TokenHash], [UserId], [Version])
      VALUES (@p0, @p1, @p2, @p3, @p4, @p5, @p6, @p7);
info: Microsoft.EntityFrameworkCore.Database.Command[20101]
      Executed DbCommand (2ms) [Parameters=[@p0='?' (Size = 32), @p1='?' (Size = 200), @p2='?' (Size = 160), @p3='?' (DbType = DateTime2), @p4='?' (Size = 2000), @p5='?' (Size = 64), @p6='?' (Size = 200), @p7='?' (DbType = Int64)], CommandType='Text', CommandTimeout='30']
      SET IMPLICIT_TRANSACTIONS OFF;
      SET NOCOUNT ON;
      INSERT INTO [AuditLogs] ([Id], [Action], [ActorUserId], [CreatedAt], [Details], [EntityId], [EntityType], [Version])
      VALUES (@p0, @p1, @p2, @p3, @p4, @p5, @p6, @p7);
info: Microsoft.EntityFrameworkCore.Database.Command[20101]
      Executed DbCommand (14ms) [Parameters=[@__normalizedEmail_0='?' (Size = 320)], CommandType='Text', CommandTimeout='30']
      SELECT TOP(1) [u].[Id], [u].[CreatedAt], [u].[Email], [u].[IsActive], [u].[Name], [u].[PasswordHash], [u].[RestaurantId], [u].[Role], [u].[Version]
      FROM [Users] AS [u]
      WHERE [u].[Email] = @__normalizedEmail_0 AND [u].[IsActive] = CAST(1 AS bit)
info: Microsoft.EntityFrameworkCore.Database.Command[20101]
      Executed DbCommand (5ms) [Parameters=[@p0='?' (Size = 32), @p1='?' (DbType = DateTime2), @p2='?' (DbType = DateTime2), @p3='?' (Size = 4000), @p4='?' (DbType = DateTime2), @p5='?' (Size = 128), @p6='?' (Size = 32), @p7='?' (DbType = Int64)], CommandType='Text', CommandTimeout='30']
      SET IMPLICIT_TRANSACTIONS OFF;
      SET NOCOUNT ON;
      INSERT INTO [RefreshTokens] ([Id], [CreatedAt], [ExpiresAt], [ReplacedByTokenHash], [RevokedAt], [TokenHash], [UserId], [Version])
      VALUES (@p0, @p1, @p2, @p3, @p4, @p5, @p6, @p7);
info: Microsoft.EntityFrameworkCore.Database.Command[20101]
      Executed DbCommand (20ms) [Parameters=[@__id_0='?' (Size = 32)], CommandType='Text', CommandTimeout='30']
      SELECT TOP(1) [u].[Id], [u].[CreatedAt], [u].[Email], [u].[IsActive], [u].[Name], [u].[PasswordHash], [u].[RestaurantId], [u].[Role], [u].[Version]
      FROM [Users] AS [u]
      WHERE [u].[Id] = @__id_0
info: Microsoft.EntityFrameworkCore.Database.Command[20101]
      Executed DbCommand (2ms) [Parameters=[@__id_0='?' (Size = 32)], CommandType='Text', CommandTimeout='30']
      SELECT TOP(1) [u].[Id], [u].[CreatedAt], [u].[Email], [u].[IsActive], [u].[Name], [u].[PasswordHash], [u].[RestaurantId], [u].[Role], [u].[Version]
      FROM [Users] AS [u]
      WHERE [u].[Id] = @__id_0
info: Microsoft.EntityFrameworkCore.Database.Command[20101]
      Executed DbCommand (14ms) [Parameters=[@__request_RestaurantId_0='?' (Size = 32)], CommandType='Text', CommandTimeout='30']
      SELECT [c].[Id], [c].[CreatedAt], [c].[Description], [c].[ImageUrl], [c].[Name], [c].[RestaurantId], [c].[Version]
      FROM [Categories] AS [c]
      WHERE [c].[RestaurantId] = @__request_RestaurantId_0
info: Microsoft.EntityFrameworkCore.Database.Command[20101]
      Executed DbCommand (1ms) [Parameters=[@__request_RestaurantId_0='?' (Size = 32)], CommandType='Text', CommandTimeout='30']
      SELECT [c].[Id], [c].[CreatedAt], [c].[Description], [c].[ImageUrl], [c].[Name], [c].[RestaurantId], [c].[Version]
      FROM [Categories] AS [c]
      WHERE [c].[RestaurantId] = @__request_RestaurantId_0
info: Microsoft.EntityFrameworkCore.Database.Command[20101]
      Executed DbCommand (18ms) [Parameters=[@__restaurantId_0='?' (Size = 32)], CommandType='Text', CommandTimeout='30']
      SELECT [o].[Id], [o].[CreatedAt], [o].[OrderKind], [o].[RemainingAmount], [o].[RestaurantId], [o].[SessionStatus], [o].[TableNo], [o].[TotalAmount], [o].[Version], [o0].[OrderItemId], [o0].[MenuItemId], [o0].[Name], [o0].[OrderId], [o0].[OrderedBy], [o0].[PaymentStatus], [o0].[Price], [o0].[Status]
      FROM [Orders] AS [o]
      LEFT JOIN [OrderItems] AS [o0] ON [o].[Id] = [o0].[OrderId]
      WHERE [o].[RestaurantId] = @__restaurantId_0
      ORDER BY [o].[Id]
info: Microsoft.EntityFrameworkCore.Database.Command[20101]
      Executed DbCommand (1ms) [Parameters=[@__restaurantId_0='?' (Size = 32)], CommandType='Text', CommandTimeout='30']
      SELECT [o].[Id], [o].[CreatedAt], [o].[OrderKind], [o].[RemainingAmount], [o].[RestaurantId], [o].[SessionStatus], [o].[TableNo], [o].[TotalAmount], [o].[Version], [o0].[OrderItemId], [o0].[MenuItemId], [o0].[Name], [o0].[OrderId], [o0].[OrderedBy], [o0].[PaymentStatus], [o0].[Price], [o0].[Status]
      FROM [Orders] AS [o]
      LEFT JOIN [OrderItems] AS [o0] ON [o].[Id] = [o0].[OrderId]
      WHERE [o].[RestaurantId] = @__restaurantId_0
      ORDER BY [o].[Id]
info: Microsoft.EntityFrameworkCore.Database.Command[20101]
      Executed DbCommand (12ms) [Parameters=[@__request_RestaurantId_0='?' (Size = 32)], CommandType='Text', CommandTimeout='30']
      SELECT [c].[Id], [c].[CreatedAt], [c].[Description], [c].[ImageUrl], [c].[Name], [c].[RestaurantId], [c].[Version]
      FROM [Categories] AS [c]
      WHERE [c].[RestaurantId] = @__request_RestaurantId_0
info: Microsoft.EntityFrameworkCore.Database.Command[20101]
      Executed DbCommand (1ms) [Parameters=[@__request_RestaurantId_0='?' (Size = 32)], CommandType='Text', CommandTimeout='30']
      SELECT [c].[Id], [c].[CreatedAt], [c].[Description], [c].[ImageUrl], [c].[Name], [c].[RestaurantId], [c].[Version]
      FROM [Categories] AS [c]
      WHERE [c].[RestaurantId] = @__request_RestaurantId_0
warn: AppSukran.API.Middleware.GlobalExceptionMiddleware[0]
      Validation failed.
      FluentValidation.ValidationException: Validation failed: 
       -- Name: 'Name', 200 karakterden küçük veya eşit olmalıdır. 300 karakter girdiniz. Severity: Error
         at AppSukran.Application.Common.Behaviors.ValidationBehavior`2.Handle(TRequest request, RequestHandlerDelegate`1 next, CancellationToken cancellationToken) in C:\Users\Mahmu\Desktop\github\sukran_app\backend\src\AppSukran.Application\Common\Behaviors\ValidationBehavior.cs:line 23
         at AppSukran.API.Controllers.CategoriesController.Create(CreateCategoryCommand request, CancellationToken cancellationToken) in C:\Users\Mahmu\Desktop\github\sukran_app\backend\src\AppSukran.API\Controllers\CategoriesController.cs:line 22
         at Microsoft.AspNetCore.Mvc.Infrastructure.ActionMethodExecutor.TaskOfIActionResultExecutor.Execute(ActionContext actionContext, IActionResultTypeMapper mapper, ObjectMethodExecutor executor, Object controller, Object[] arguments)
         at Microsoft.AspNetCore.Mvc.Infrastructure.ControllerActionInvoker.<InvokeActionMethodAsync>g__Awaited|12_0(ControllerActionInvoker invoker, ValueTask`1 actionResultValueTask)
         at Microsoft.AspNetCore.Mvc.Infrastructure.ControllerActionInvoker.<InvokeNextActionFilterAsync>g__Awaited|10_0(ControllerActionInvoker invoker, Task lastTask, State next, Scope scope, Object state, Boolean isCompleted)
         at Microsoft.AspNetCore.Mvc.Infrastructure.ControllerActionInvoker.Rethrow(ActionExecutedContextSealed context)
         at Microsoft.AspNetCore.Mvc.Infrastructure.ControllerActionInvoker.Next(State& next, Scope& scope, Object& state, Boolean& isCompleted)
         at Microsoft.AspNetCore.Mvc.Infrastructure.ControllerActionInvoker.InvokeInnerFilterAsync()
      --- End of stack trace from previous location ---
         at Microsoft.AspNetCore.Mvc.Infrastructure.ResourceInvoker.<InvokeFilterPipelineAsync>g__Awaited|20_0(ResourceInvoker invoker, Task lastTask, State next, Scope scope, Object state, Boolean isCompleted)
         at Microsoft.AspNetCore.Mvc.Infrastructure.ResourceInvoker.<InvokeAsync>g__Awaited|17_0(ResourceInvoker invoker, Task task, IDisposable scope)
         at Microsoft.AspNetCore.Mvc.Infrastructure.ResourceInvoker.<InvokeAsync>g__Awaited|17_0(ResourceInvoker invoker, Task task, IDisposable scope)
         at Microsoft.AspNetCore.Authorization.AuthorizationMiddleware.Invoke(HttpContext context)
         at Microsoft.AspNetCore.Authentication.AuthenticationMiddleware.Invoke(HttpContext context)
         at AppSukran.API.Middleware.GlobalExceptionMiddleware.InvokeAsync(HttpContext context) in C:\Users\Mahmu\Desktop\github\sukran_app\backend\src\AppSukran.API\Middleware\GlobalExceptionMiddleware.cs:line 15
warn: AppSukran.API.Middleware.GlobalExceptionMiddleware[0]
      Validation failed.
      FluentValidation.ValidationException: Validation failed: 
       -- Name: 'Name', 200 karakterden küçük veya eşit olmalıdır. 300 karakter girdiniz. Severity: Error
         at AppSukran.Application.Common.Behaviors.ValidationBehavior`2.Handle(TRequest request, RequestHandlerDelegate`1 next, CancellationToken cancellationToken) in C:\Users\Mahmu\Desktop\github\sukran_app\backend\src\AppSukran.Application\Common\Behaviors\ValidationBehavior.cs:line 23
         at AppSukran.API.Controllers.CategoriesController.Create(CreateCategoryCommand request, CancellationToken cancellationToken) in C:\Users\Mahmu\Desktop\github\sukran_app\backend\src\AppSukran.API\Controllers\CategoriesController.cs:line 22
         at Microsoft.AspNetCore.Mvc.Infrastructure.ActionMethodExecutor.TaskOfIActionResultExecutor.Execute(ActionContext actionContext, IActionResultTypeMapper mapper, ObjectMethodExecutor executor, Object controller, Object[] arguments)
         at Microsoft.AspNetCore.Mvc.Infrastructure.ControllerActionInvoker.<InvokeActionMethodAsync>g__Awaited|12_0(ControllerActionInvoker invoker, ValueTask`1 actionResultValueTask)
         at Microsoft.AspNetCore.Mvc.Infrastructure.ControllerActionInvoker.<InvokeNextActionFilterAsync>g__Awaited|10_0(ControllerActionInvoker invoker, Task lastTask, State next, Scope scope, Object state, Boolean isCompleted)
         at Microsoft.AspNetCore.Mvc.Infrastructure.ControllerActionInvoker.Rethrow(ActionExecutedContextSealed context)
         at Microsoft.AspNetCore.Mvc.Infrastructure.ControllerActionInvoker.Next(State& next, Scope& scope, Object& state, Boolean& isCompleted)
         at Microsoft.AspNetCore.Mvc.Infrastructure.ControllerActionInvoker.InvokeInnerFilterAsync()
      --- End of stack trace from previous location ---
         at Microsoft.AspNetCore.Mvc.Infrastructure.ResourceInvoker.<InvokeFilterPipelineAsync>g__Awaited|20_0(ResourceInvoker invoker, Task lastTask, State next, Scope scope, Object state, Boolean isCompleted)
         at Microsoft.AspNetCore.Mvc.Infrastructure.ResourceInvoker.<InvokeAsync>g__Awaited|17_0(ResourceInvoker invoker, Task task, IDisposable scope)
         at Microsoft.AspNetCore.Mvc.Infrastructure.ResourceInvoker.<InvokeAsync>g__Awaited|17_0(ResourceInvoker invoker, Task task, IDisposable scope)
         at Microsoft.AspNetCore.Authorization.AuthorizationMiddleware.Invoke(HttpContext context)
         at Microsoft.AspNetCore.Authentication.AuthenticationMiddleware.Invoke(HttpContext context)
         at AppSukran.API.Middleware.GlobalExceptionMiddleware.InvokeAsync(HttpContext context) in C:\Users\Mahmu\Desktop\github\sukran_app\backend\src\AppSukran.API\Middleware\GlobalExceptionMiddleware.cs:line 15
warn: AppSukran.API.Middleware.GlobalExceptionMiddleware[0]
      Validation failed.
      FluentValidation.ValidationException: Validation failed: 
       -- Name: 'Name', 200 karakterden küçük veya eşit olmalıdır. 208 karakter girdiniz. Severity: Error
         at AppSukran.Application.Common.Behaviors.ValidationBehavior`2.Handle(TRequest request, RequestHandlerDelegate`1 next, CancellationToken cancellationToken) in C:\Users\Mahmu\Desktop\github\sukran_app\backend\src\AppSukran.Application\Common\Behaviors\ValidationBehavior.cs:line 23
         at AppSukran.API.Controllers.CategoriesController.Create(CreateCategoryCommand request, CancellationToken cancellationToken) in C:\Users\Mahmu\Desktop\github\sukran_app\backend\src\AppSukran.API\Controllers\CategoriesController.cs:line 22
         at Microsoft.AspNetCore.Mvc.Infrastructure.ActionMethodExecutor.TaskOfIActionResultExecutor.Execute(ActionContext actionContext, IActionResultTypeMapper mapper, ObjectMethodExecutor executor, Object controller, Object[] arguments)
         at Microsoft.AspNetCore.Mvc.Infrastructure.ControllerActionInvoker.<InvokeActionMethodAsync>g__Awaited|12_0(ControllerActionInvoker invoker, ValueTask`1 actionResultValueTask)
         at Microsoft.AspNetCore.Mvc.Infrastructure.ControllerActionInvoker.<InvokeNextActionFilterAsync>g__Awaited|10_0(ControllerActionInvoker invoker, Task lastTask, State next, Scope scope, Object state, Boolean isCompleted)
         at Microsoft.AspNetCore.Mvc.Infrastructure.ControllerActionInvoker.Rethrow(ActionExecutedContextSealed context)
         at Microsoft.AspNetCore.Mvc.Infrastructure.ControllerActionInvoker.Next(State& next, Scope& scope, Object& state, Boolean& isCompleted)
         at Microsoft.AspNetCore.Mvc.Infrastructure.ControllerActionInvoker.InvokeInnerFilterAsync()
      --- End of stack trace from previous location ---
         at Microsoft.AspNetCore.Mvc.Infrastructure.ResourceInvoker.<InvokeFilterPipelineAsync>g__Awaited|20_0(ResourceInvoker invoker, Task lastTask, State next, Scope scope, Object state, Boolean isCompleted)
         at Microsoft.AspNetCore.Mvc.Infrastructure.ResourceInvoker.<InvokeAsync>g__Awaited|17_0(ResourceInvoker invoker, Task task, IDisposable scope)
         at Microsoft.AspNetCore.Mvc.Infrastructure.ResourceInvoker.<InvokeAsync>g__Awaited|17_0(ResourceInvoker invoker, Task task, IDisposable scope)
         at Microsoft.AspNetCore.Authorization.AuthorizationMiddleware.Invoke(HttpContext context)
         at Microsoft.AspNetCore.Authentication.AuthenticationMiddleware.Invoke(HttpContext context)
         at AppSukran.API.Middleware.GlobalExceptionMiddleware.InvokeAsync(HttpContext context) in C:\Users\Mahmu\Desktop\github\sukran_app\backend\src\AppSukran.API\Middleware\GlobalExceptionMiddleware.cs:line 15
info: Microsoft.EntityFrameworkCore.Database.Command[20101]
      Executed DbCommand (14ms) [Parameters=[@p0='?' (Size = 32), @p1='?' (DbType = DateTime2), @p2='?' (Size = 1000), @p3='?' (Size = 1000), @p4='?' (Size = 200), @p5='?' (Size = 32), @p6='?' (DbType = Int64)], CommandType='Text', CommandTimeout='30']
      SET IMPLICIT_TRANSACTIONS OFF;
      SET NOCOUNT ON;
      INSERT INTO [Categories] ([Id], [CreatedAt], [Description], [ImageUrl], [Name], [RestaurantId], [Version])
      VALUES (@p0, @p1, @p2, @p3, @p4, @p5, @p6);
info: Microsoft.EntityFrameworkCore.Database.Command[20101]
      Executed DbCommand (17ms) [Parameters=[@__id_0='?' (Size = 32)], CommandType='Text', CommandTimeout='30']
      SELECT TOP(1) [u].[Id], [u].[CreatedAt], [u].[Email], [u].[IsActive], [u].[Name], [u].[PasswordHash], [u].[RestaurantId], [u].[Role], [u].[Version]
      FROM [Users] AS [u]
      WHERE [u].[Id] = @__id_0
warn: AppSukran.API.Middleware.GlobalExceptionMiddleware[0]
      Request failed.
      System.InvalidOperationException: Kullanıcı bulunamadı.
         at AppSukran.Application.Profile.Queries.GetCurrentUserQueryHandler.Handle(GetCurrentUserQuery request, CancellationToken cancellationToken) in C:\Users\Mahmu\Desktop\github\sukran_app\backend\src\AppSukran.Application\Profile\Queries\GetCurrentUserQueryHandler.cs:line 15
         at AppSukran.Application.Common.Behaviors.ValidationBehavior`2.Handle(TRequest request, RequestHandlerDelegate`1 next, CancellationToken cancellationToken) in C:\Users\Mahmu\Desktop\github\sukran_app\backend\src\AppSukran.Application\Common\Behaviors\ValidationBehavior.cs:line 14
         at AppSukran.API.Controllers.ProfileController.GetMe(CancellationToken cancellationToken) in C:\Users\Mahmu\Desktop\github\sukran_app\backend\src\AppSukran.API\Controllers\ProfileController.cs:line 18
         at lambda_method972(Closure, Object)
         at Microsoft.AspNetCore.Mvc.Infrastructure.ActionMethodExecutor.AwaitableObjectResultExecutor.Execute(ActionContext actionContext, IActionResultTypeMapper mapper, ObjectMethodExecutor executor, Object controller, Object[] arguments)
         at Microsoft.AspNetCore.Mvc.Infrastructure.ControllerActionInvoker.<InvokeActionMethodAsync>g__Awaited|12_0(ControllerActionInvoker invoker, ValueTask`1 actionResultValueTask)
         at Microsoft.AspNetCore.Mvc.Infrastructure.ControllerActionInvoker.<InvokeNextActionFilterAsync>g__Awaited|10_0(ControllerActionInvoker invoker, Task lastTask, State next, Scope scope, Object state, Boolean isCompleted)
         at Microsoft.AspNetCore.Mvc.Infrastructure.ControllerActionInvoker.Rethrow(ActionExecutedContextSealed context)
         at Microsoft.AspNetCore.Mvc.Infrastructure.ControllerActionInvoker.Next(State& next, Scope& scope, Object& state, Boolean& isCompleted)
         at Microsoft.AspNetCore.Mvc.Infrastructure.ControllerActionInvoker.<InvokeInnerFilterAsync>g__Awaited|13_0(ControllerActionInvoker invoker, Task lastTask, State next, Scope scope, Object state, Boolean isCompleted)
         at Microsoft.AspNetCore.Mvc.Infrastructure.ResourceInvoker.<InvokeFilterPipelineAsync>g__Awaited|20_0(ResourceInvoker invoker, Task lastTask, State next, Scope scope, Object state, Boolean isCompleted)
         at Microsoft.AspNetCore.Mvc.Infrastructure.ResourceInvoker.<InvokeAsync>g__Awaited|17_0(ResourceInvoker invoker, Task task, IDisposable scope)
         at Microsoft.AspNetCore.Mvc.Infrastructure.ResourceInvoker.<InvokeAsync>g__Awaited|17_0(ResourceInvoker invoker, Task task, IDisposable scope)
         at Microsoft.AspNetCore.Authorization.AuthorizationMiddleware.Invoke(HttpContext context)
         at Microsoft.AspNetCore.Authentication.AuthenticationMiddleware.Invoke(HttpContext context)
         at AppSukran.API.Middleware.GlobalExceptionMiddleware.InvokeAsync(HttpContext context) in C:\Users\Mahmu\Desktop\github\sukran_app\backend\src\AppSukran.API\Middleware\GlobalExceptionMiddleware.cs:line 15
info: Microsoft.EntityFrameworkCore.Database.Command[20101]
      Executed DbCommand (1ms) [Parameters=[@__id_0='?' (Size = 32)], CommandType='Text', CommandTimeout='30']
      SELECT TOP(1) [u].[Id], [u].[CreatedAt], [u].[Email], [u].[IsActive], [u].[Name], [u].[PasswordHash], [u].[RestaurantId], [u].[Role], [u].[Version]
      FROM [Users] AS [u]
      WHERE [u].[Id] = @__id_0
warn: AppSukran.API.Middleware.GlobalExceptionMiddleware[0]
      Request failed.
      System.InvalidOperationException: Kullanıcı bulunamadı.
         at AppSukran.Application.Profile.Queries.GetCurrentUserQueryHandler.Handle(GetCurrentUserQuery request, CancellationToken cancellationToken) in C:\Users\Mahmu\Desktop\github\sukran_app\backend\src\AppSukran.Application\Profile\Queries\GetCurrentUserQueryHandler.cs:line 15
         at AppSukran.Application.Common.Behaviors.ValidationBehavior`2.Handle(TRequest request, RequestHandlerDelegate`1 next, CancellationToken cancellationToken) in C:\Users\Mahmu\Desktop\github\sukran_app\backend\src\AppSukran.Application\Common\Behaviors\ValidationBehavior.cs:line 14
         at AppSukran.API.Controllers.ProfileController.GetMe(CancellationToken cancellationToken) in C:\Users\Mahmu\Desktop\github\sukran_app\backend\src\AppSukran.API\Controllers\ProfileController.cs:line 18
         at lambda_method972(Closure, Object)
         at Microsoft.AspNetCore.Mvc.Infrastructure.ActionMethodExecutor.AwaitableObjectResultExecutor.Execute(ActionContext actionContext, IActionResultTypeMapper mapper, ObjectMethodExecutor executor, Object controller, Object[] arguments)
         at Microsoft.AspNetCore.Mvc.Infrastructure.ControllerActionInvoker.<InvokeActionMethodAsync>g__Awaited|12_0(ControllerActionInvoker invoker, ValueTask`1 actionResultValueTask)
         at Microsoft.AspNetCore.Mvc.Infrastructure.ControllerActionInvoker.<InvokeNextActionFilterAsync>g__Awaited|10_0(ControllerActionInvoker invoker, Task lastTask, State next, Scope scope, Object state, Boolean isCompleted)
         at Microsoft.AspNetCore.Mvc.Infrastructure.ControllerActionInvoker.Rethrow(ActionExecutedContextSealed context)
         at Microsoft.AspNetCore.Mvc.Infrastructure.ControllerActionInvoker.Next(State& next, Scope& scope, Object& state, Boolean& isCompleted)
         at Microsoft.AspNetCore.Mvc.Infrastructure.ControllerActionInvoker.<InvokeInnerFilterAsync>g__Awaited|13_0(ControllerActionInvoker invoker, Task lastTask, State next, Scope scope, Object state, Boolean isCompleted)
         at Microsoft.AspNetCore.Mvc.Infrastructure.ResourceInvoker.<InvokeFilterPipelineAsync>g__Awaited|20_0(ResourceInvoker invoker, Task lastTask, State next, Scope scope, Object state, Boolean isCompleted)
         at Microsoft.AspNetCore.Mvc.Infrastructure.ResourceInvoker.<InvokeAsync>g__Awaited|17_0(ResourceInvoker invoker, Task task, IDisposable scope)
         at Microsoft.AspNetCore.Mvc.Infrastructure.ResourceInvoker.<InvokeAsync>g__Awaited|17_0(ResourceInvoker invoker, Task task, IDisposable scope)
         at Microsoft.AspNetCore.Authorization.AuthorizationMiddleware.Invoke(HttpContext context)
         at Microsoft.AspNetCore.Authentication.AuthenticationMiddleware.Invoke(HttpContext context)
         at AppSukran.API.Middleware.GlobalExceptionMiddleware.InvokeAsync(HttpContext context) in C:\Users\Mahmu\Desktop\github\sukran_app\backend\src\AppSukran.API\Middleware\GlobalExceptionMiddleware.cs:line 15
info: Microsoft.EntityFrameworkCore.Database.Command[20101]
      Executed DbCommand (13ms) [Parameters=[@__normalizedEmail_0='?' (Size = 320)], CommandType='Text', CommandTimeout='30']
      SELECT TOP(1) [u].[Id], [u].[CreatedAt], [u].[Email], [u].[IsActive], [u].[Name], [u].[PasswordHash], [u].[RestaurantId], [u].[Role], [u].[Version]
      FROM [Users] AS [u]
      WHERE [u].[Email] = @__normalizedEmail_0 AND [u].[IsActive] = CAST(1 AS bit)
info: AppSukran.API.Middleware.GlobalExceptionMiddleware[0]
      Invalid credentials: Invalid credentials.
