[whatsapp] servis çalışıyor: http://127.0.0.1:5055
[32minfo[39m:     Checking for updates
[32minfo[39m:     You're up to date
[32minfo[39m:     [sukran:browser] Using browser folder 'C:\Users\Mahmu\Desktop\github\sukran_app\services\whatsapp\tokens\sukran'
[32minfo[39m:     [sukran:browser] Initializing browser...
[32mhttp[39m:     [sukran:browser] checking headless...
[32mhttp[39m:     [sukran:browser] headless option is active, browser hidden
[32minfo[39m:     [sukran:client] Initializing...
[36mverbose[39m:  [sukran:client] Setting WhatsApp WEB version to 2.3000.10305x
[31merror[39m:    [sukran:client] Version not available for 2.3000.10305x, using latest as fallback
[36mverbose[39m:  [sukran:client] Loading WhatsApp WEB
[36mverbose[39m:  [sukran:page] Page loaded
[36mverbose[39m:  [sukran:client] Injecting wapi.js
[36mverbose[39m:  [sukran:client] WhatsApp WEB loaded
[32mhttp[39m:     [sukran:client] Waiting page load
[36mverbose[39m:  [sukran:client] wapi.js injected
[34mdebug[39m:    [sukran:client] Exposing onMessage function
[34mdebug[39m:    [sukran:client] Exposing onAnyMessage function
[32minfo[39m:     [sukran:client] WhatsApp WEB version: 2.3000.1044245091
[32minfo[39m:     [sukran:client] WA-JS version: 4.4.3
[34mdebug[39m:    [sukran:client] Exposing onAck function
[34mdebug[39m:    [sukran:client] Exposing onMessageEdit function
[34mdebug[39m:    [sukran:client] Exposing onNotificationMessage function
[34mdebug[39m:    [sukran:client] Exposing onParticipantsChanged function
[34mdebug[39m:    [sukran:client] Exposing onStateChange function
[34mdebug[39m:    [sukran:client] Exposing onStreamChange function
[34mdebug[39m:    [sukran:client] Exposing onStreamModeChanged function
[34mdebug[39m:    [sukran:client] Exposing onStreamInfoChanged function
[34mdebug[39m:    [sukran:client] Exposing onIncomingCall function
[34mdebug[39m:    [sukran:client] Exposing onInterfaceChange function
[34mdebug[39m:    [sukran:client] Exposing onPresenceChanged function
[34mdebug[39m:    [sukran:client] Exposing onLiveLocation function
[34mdebug[39m:    [sukran:client] Exposing onBackendEvent function
[34mdebug[39m:    [sukran:client] Exposing onAddedToGroup function
[34mdebug[39m:    [sukran:client] Exposing onRevokedMessage function
[34mdebug[39m:    [sukran:client] Exposing onReactionMessage function
[34mdebug[39m:    [sukran:client] Exposing onPollResponse function
[34mdebug[39m:    [sukran:client] Exposing onUpdateLabel function
[34mdebug[39m:    [sukran:client] Exposing onOrderStatusUpdate function
[34mdebug[39m:    [sukran:client] Exposing onNewChat function
[34mdebug[39m:    [sukran:client] Emitting onInterfaceChange event (1 registered)
[32mhttp[39m:     [sukran:client] Current state: SYNCING (CONNECTING)
[32mhttp[39m:     [sukran:client] Checking is logged...
[32mhttp[39m:     [sukran:client] Authenticated
[whatsapp] durum: isLogged
[32minfo[39m:     [sukran:client] Auto close configured to 180s
[32mhttp[39m:     [sukran:client] Checking phone is connected...
[34mdebug[39m:    [sukran:client] Emitting onInterfaceChange event (1 registered)
[32mhttp[39m:     [sukran:client] Current state: SYNCING (CONNECTING)
[34mdebug[39m:    [sukran:client] Emitting onInterfaceChange event (1 registered)
[32mhttp[39m:     [sukran:client] Current state: SYNCING (CONNECTING)
[34mdebug[39m:    [sukran:client] Emitting onInterfaceChange event (1 registered)
[32mhttp[39m:     [sukran:client] Current state: SYNCING (CONNECTING)
[34mdebug[39m:    [sukran:client] Registering onStateChange event
[34mdebug[39m:    [sukran:client] Emitting onInterfaceChange event (1 registered)
[32mhttp[39m:     [sukran:client] Current state: MAIN (NORMAL)
[34mdebug[39m:    [sukran:client] Emitting onInterfaceChange event (1 registered)
[32mhttp[39m:     [sukran:client] Current state: MAIN (NORMAL)
[34mdebug[39m:    [sukran:client] Emitting onInterfaceChange event (1 registered)
[32mhttp[39m:     [sukran:client] Current state: MAIN (NORMAL)
[32mhttp[39m:     [sukran:client] Connected
[whatsapp] durum: inChat
[34mdebug[39m:    [sukran:client] Emitting onInterfaceChange event (1 registered)
[32mhttp[39m:     [sukran:client] Current state: MAIN (NORMAL)
[34mdebug[39m:    [sukran:client] Emitting onStateChange event (1 registered)
[34mdebug[39m:    [sukran:client] Emitting onInterfaceChange event (1 registered)
[32mhttp[39m:     [sukran:client] Current state: MAIN (NORMAL)
[34mdebug[39m:    [sukran:client] Emitting onStateChange event (1 registered)
[34mdebug[39m:    [sukran:client] Emitting onInterfaceChange event (1 registered)
[32mhttp[39m:     [sukran:client] Current state: MAIN (NORMAL)
[34mdebug[39m:    [sukran:client] Emitting onStateChange event (1 registered)
[34mdebug[39m:    [sukran:client] Emitting onInterfaceChange event (1 registered)
[32mhttp[39m:     [sukran:client] Current state: MAIN (NORMAL)
[34mdebug[39m:    [sukran:client] Emitting onStateChange event (1 registered)
[34mdebug[39m:    [sukran:client] Emitting onInterfaceChange event (1 registered)
[32mhttp[39m:     [sukran:client] Current state: MAIN (NORMAL)
[34mdebug[39m:    [sukran:client] Emitting onStateChange event (1 registered)
[34mdebug[39m:    [sukran:client] Emitting onInterfaceChange event (1 registered)
[32mhttp[39m:     [sukran:client] Current state: MAIN (NORMAL)
[34mdebug[39m:    [sukran:client] Emitting onStateChange event (1 registered)
[34mdebug[39m:    [sukran:client] Emitting onInterfaceChange event (1 registered)
[32mhttp[39m:     [sukran:client] Current state: MAIN (NORMAL)
[34mdebug[39m:    [sukran:client] Emitting onStateChange event (1 registered)
[34mdebug[39m:    [sukran:client] Emitting onInterfaceChange event (1 registered)
[32mhttp[39m:     [sukran:client] Current state: MAIN (NORMAL)
[34mdebug[39m:    [sukran:client] Emitting onStateChange event (1 registered)
[34mdebug[39m:    [sukran:client] Emitting onInterfaceChange event (1 registered)
[32mhttp[39m:     [sukran:client] Current state: MAIN (NORMAL)
[34mdebug[39m:    [sukran:client] Emitting onStateChange event (1 registered)
[34mdebug[39m:    [sukran:client] Emitting onInterfaceChange event (1 registered)
[32mhttp[39m:     [sukran:client] Current state: MAIN (OFFLINE)
[34mdebug[39m:    [sukran:client] Emitting onInterfaceChange event (1 registered)
[32mhttp[39m:     [sukran:client] Current state: MAIN (OFFLINE)
[34mdebug[39m:    [sukran:client] Emitting onStateChange event (1 registered)
[34mdebug[39m:    [sukran:client] Emitting onInterfaceChange event (1 registered)
[32mhttp[39m:     [sukran:client] Current state: MAIN (CONNECTING)
[34mdebug[39m:    [sukran:client] Emitting onInterfaceChange event (1 registered)
[32mhttp[39m:     [sukran:client] Current state: MAIN (CONNECTING)
[34mdebug[39m:    [sukran:client] Emitting onStateChange event (1 registered)
[34mdebug[39m:    [sukran:client] Emitting onInterfaceChange event (1 registered)
[32mhttp[39m:     [sukran:client] Current state: MAIN (NORMAL)
[34mdebug[39m:    [sukran:client] Emitting onInterfaceChange event (1 registered)
[32mhttp[39m:     [sukran:client] Current state: MAIN (NORMAL)
[34mdebug[39m:    [sukran:client] Emitting onStateChange event (1 registered)
[34mdebug[39m:    [sukran:client] Emitting onInterfaceChange event (1 registered)
[32mhttp[39m:     [sukran:client] Current state: MAIN (NORMAL)
[34mdebug[39m:    [sukran:client] Emitting onStateChange event (1 registered)
[34mdebug[39m:    [sukran:client] Emitting onInterfaceChange event (1 registered)
[32mhttp[39m:     [sukran:client] Current state: MAIN (NORMAL)
[34mdebug[39m:    [sukran:client] Emitting onStateChange event (1 registered)
[34mdebug[39m:    [sukran:client] Emitting onInterfaceChange event (1 registered)
[32mhttp[39m:     [sukran:client] Current state: MAIN (NORMAL)
[34mdebug[39m:    [sukran:client] Emitting onStateChange event (1 registered)
[34mdebug[39m:    [sukran:client] Emitting onInterfaceChange event (1 registered)
[32mhttp[39m:     [sukran:client] Current state: MAIN (NORMAL)
[34mdebug[39m:    [sukran:client] Emitting onStateChange event (1 registered)
[34mdebug[39m:    [sukran:client] Emitting onInterfaceChange event (1 registered)
[32mhttp[39m:     [sukran:client] Current state: MAIN (NORMAL)
[34mdebug[39m:    [sukran:client] Emitting onStateChange event (1 registered)
[34mdebug[39m:    [sukran:client] Emitting onInterfaceChange event (1 registered)
[32mhttp[39m:     [sukran:client] Current state: MAIN (NORMAL)
[34mdebug[39m:    [sukran:client] Emitting onStateChange event (1 registered)
[34mdebug[39m:    [sukran:client] Emitting onInterfaceChange event (1 registered)
[32mhttp[39m:     [sukran:client] Current state: MAIN (NORMAL)
[34mdebug[39m:    [sukran:client] Emitting onStateChange event (1 registered)
[34mdebug[39m:    [sukran:client] Emitting onInterfaceChange event (1 registered)
[32mhttp[39m:     [sukran:client] Current state: MAIN (NORMAL)
[34mdebug[39m:    [sukran:client] Emitting onStateChange event (1 registered)
[34mdebug[39m:    [sukran:client] Emitting onInterfaceChange event (1 registered)
[32mhttp[39m:     [sukran:client] Current state: MAIN (NORMAL)
[34mdebug[39m:    [sukran:client] Emitting onStateChange event (1 registered)
